// Jest Snapshot v1, https://goo.gl/fbAQLP

exports[`<Partnerships /> should match snapshot 1`] = `
<div>
  <div
    class="flex items-center"
  >
    <p
      class="flex-shrink-0"
    >
      Cosmetic brand partnerships:
    </p>
    <div
      class="flex items-center justify-end w-full h-16 ml-2"
    >
       
      <img
        alt="Placeholder 1"
        class="h-full"
        data-testid="partnershipImg"
        src="test-file-stub"
      />
    </div>
    <div
      class="flex items-center justify-end w-full h-16 ml-2"
    >
       
      <img
        alt="Placeholder 2"
        class="h-full"
        data-testid="partnershipImg"
        src="test-file-stub"
      />
    </div>
    <div
      class="flex items-center justify-end w-full h-16 ml-2"
    >
       
      <img
        alt="Placeholder 3"
        class="h-full"
        data-testid="partnershipImg"
        src="test-file-stub"
      />
    </div>
    <div
      class="flex items-center justify-end w-full h-16 ml-2"
    >
       
      <img
        alt="Placeholder 4"
        class="h-full"
        data-testid="partnershipImg"
        src="test-file-stub"
      />
    </div>
    <div
      class="flex items-center justify-end w-full h-16 ml-2"
    >
       
      <img
        alt="Placeholder 5"
        class="h-full"
        data-testid="partnershipImg"
        src="test-file-stub"
      />
    </div>
  </div>
</div>
`;
